// Jest Snapshot v1, https://goo.gl/fbAQLP

exports[`<Nav /> renders correctly 1`] = `<HomeNav />`;

exports[`<Nav /> renders correctly 2`] = `<SignUpNav />`;

exports[`<Nav /> renders correctly 3`] = `<Connect(ProfileNav) />`;
